mode: atomic
github.com/ONSDigital/blaise-uac-service/blaiserestapi/rest_api.go:27.89,29.16 2 3
github.com/ONSDigital/blaise-uac-service/blaiserestapi/rest_api.go:29.16,31.3 1 0
github.com/ONSDigital/blaise-uac-service/blaiserestapi/rest_api.go:32.2,34.16 3 3
github.com/ONSDigital/blaise-uac-service/blaiserestapi/rest_api.go:34.16,36.3 1 0
github.com/ONSDigital/blaise-uac-service/blaiserestapi/rest_api.go:37.2,38.44 2 3
github.com/ONSDigital/blaise-uac-service/blaiserestapi/rest_api.go:38.44,40.3 1 1
github.com/ONSDigital/blaise-uac-service/blaiserestapi/rest_api.go:41.2,42.16 2 2
github.com/ONSDigital/blaise-uac-service/blaiserestapi/rest_api.go:42.16,44.3 1 0
github.com/ONSDigital/blaise-uac-service/blaiserestapi/rest_api.go:45.2,47.21 3 2
github.com/ONSDigital/blaise-uac-service/blaiserestapi/rest_api.go:50.104,52.16 2 2
github.com/ONSDigital/blaise-uac-service/blaiserestapi/rest_api.go:52.16,54.3 1 0
github.com/ONSDigital/blaise-uac-service/blaiserestapi/rest_api.go:55.2,57.16 3 2
github.com/ONSDigital/blaise-uac-service/blaiserestapi/rest_api.go:57.16,59.3 1 0
github.com/ONSDigital/blaise-uac-service/blaiserestapi/rest_api.go:60.2,61.44 2 2
github.com/ONSDigital/blaise-uac-service/blaiserestapi/rest_api.go:61.44,63.3 1 1
github.com/ONSDigital/blaise-uac-service/blaiserestapi/rest_api.go:64.2,65.16 2 1
github.com/ONSDigital/blaise-uac-service/blaiserestapi/rest_api.go:65.16,67.3 1 0
github.com/ONSDigital/blaise-uac-service/blaiserestapi/rest_api.go:68.2,70.30 3 1
github.com/ONSDigital/blaise-uac-service/blaiserestapi/rest_api.go:73.78,80.2 1 3
github.com/ONSDigital/blaise-uac-service/blaiserestapi/rest_api.go:82.85,89.2 1 2
github.com/ONSDigital/blaise-uac-service/blaiserestapi/rest_api.go:91.55,92.39 1 2
github.com/ONSDigital/blaise-uac-service/blaiserestapi/rest_api.go:92.39,93.23 1 4
github.com/ONSDigital/blaise-uac-service/blaiserestapi/rest_api.go:93.23,95.4 1 1
github.com/ONSDigital/blaise-uac-service/blaiserestapi/rest_api.go:97.2,97.14 1 1
github.com/ONSDigital/blaise-uac-service/uacgenerator/crypto_source.go:11.41,11.42 0 0
github.com/ONSDigital/blaise-uac-service/uacgenerator/crypto_source.go:13.37,15.2 1 844
github.com/ONSDigital/blaise-uac-service/uacgenerator/crypto_source.go:17.43,19.16 2 844
github.com/ONSDigital/blaise-uac-service/uacgenerator/crypto_source.go:19.16,21.3 1 0
github.com/ONSDigital/blaise-uac-service/uacgenerator/crypto_source.go:22.2,22.10 1 844
github.com/ONSDigital/blaise-uac-service/uacgenerator/errors.go:13.48,15.38 2 2
github.com/ONSDigital/blaise-uac-service/uacgenerator/errors.go:15.38,17.3 1 1
github.com/ONSDigital/blaise-uac-service/uacgenerator/errors.go:18.2,18.41 1 2
github.com/ONSDigital/blaise-uac-service/uacgenerator/errors.go:18.41,19.16 1 1
github.com/ONSDigital/blaise-uac-service/uacgenerator/errors.go:19.16,24.4 1 1
github.com/ONSDigital/blaise-uac-service/uacgenerator/errors.go:24.9,30.4 1 0
github.com/ONSDigital/blaise-uac-service/uacgenerator/errors.go:32.2,32.12 1 2
github.com/ONSDigital/blaise-uac-service/uacgenerator/errors.go:35.50,37.2 1 12
github.com/ONSDigital/blaise-uac-service/uacgenerator/errors.go:39.41,41.30 2 2
github.com/ONSDigital/blaise-uac-service/uacgenerator/errors.go:41.30,43.3 1 3
github.com/ONSDigital/blaise-uac-service/uacgenerator/errors.go:44.2,44.35 1 2
github.com/ONSDigital/blaise-uac-service/uacgenerator/generator.go:82.35,83.33 1 1
github.com/ONSDigital/blaise-uac-service/uacgenerator/generator.go:83.33,84.28 1 2
github.com/ONSDigital/blaise-uac-service/uacgenerator/generator.go:84.28,86.4 1 0
github.com/ONSDigital/blaise-uac-service/uacgenerator/generator.go:87.3,87.36 1 2
github.com/ONSDigital/blaise-uac-service/uacgenerator/generator.go:91.79,98.2 1 35
github.com/ONSDigital/blaise-uac-service/uacgenerator/generator.go:100.58,102.25 2 68
github.com/ONSDigital/blaise-uac-service/uacgenerator/generator.go:102.25,105.3 2 204
github.com/ONSDigital/blaise-uac-service/uacgenerator/generator.go:106.2,106.12 1 68
github.com/ONSDigital/blaise-uac-service/uacgenerator/generator.go:109.58,111.19 2 40
github.com/ONSDigital/blaise-uac-service/uacgenerator/generator.go:111.19,113.3 1 640
github.com/ONSDigital/blaise-uac-service/uacgenerator/generator.go:114.2,114.18 1 40
github.com/ONSDigital/blaise-uac-service/uacgenerator/generator.go:117.102,118.18 1 72
github.com/ONSDigital/blaise-uac-service/uacgenerator/generator.go:118.18,120.3 1 1
github.com/ONSDigital/blaise-uac-service/uacgenerator/generator.go:121.2,121.19 1 71
github.com/ONSDigital/blaise-uac-service/uacgenerator/generator.go:121.19,123.3 1 1
github.com/ONSDigital/blaise-uac-service/uacgenerator/generator.go:125.2,126.30 2 70
github.com/ONSDigital/blaise-uac-service/uacgenerator/generator.go:127.13,128.37 1 48
github.com/ONSDigital/blaise-uac-service/uacgenerator/generator.go:129.15,130.37 1 20
github.com/ONSDigital/blaise-uac-service/uacgenerator/generator.go:131.10,132.68 1 2
github.com/ONSDigital/blaise-uac-service/uacgenerator/generator.go:135.2,136.16 2 68
github.com/ONSDigital/blaise-uac-service/uacgenerator/generator.go:136.16,137.30 1 13
github.com/ONSDigital/blaise-uac-service/uacgenerator/generator.go:137.30,139.4 1 12
github.com/ONSDigital/blaise-uac-service/uacgenerator/generator.go:140.3,140.17 1 1
github.com/ONSDigital/blaise-uac-service/uacgenerator/generator.go:142.2,142.17 1 55
github.com/ONSDigital/blaise-uac-service/uacgenerator/generator.go:145.102,151.16 3 75
github.com/ONSDigital/blaise-uac-service/uacgenerator/generator.go:151.16,153.3 1 14
github.com/ONSDigital/blaise-uac-service/uacgenerator/generator.go:154.2,154.12 1 61
github.com/ONSDigital/blaise-uac-service/uacgenerator/generator.go:157.69,159.2 1 114
github.com/ONSDigital/blaise-uac-service/uacgenerator/generator.go:161.97,168.16 3 17
github.com/ONSDigital/blaise-uac-service/uacgenerator/generator.go:168.16,170.3 1 0
github.com/ONSDigital/blaise-uac-service/uacgenerator/generator.go:171.2,171.31 1 17
github.com/ONSDigital/blaise-uac-service/uacgenerator/generator.go:171.31,173.3 1 2
github.com/ONSDigital/blaise-uac-service/uacgenerator/generator.go:174.2,174.19 1 15
github.com/ONSDigital/blaise-uac-service/uacgenerator/generator.go:177.90,179.16 2 15
github.com/ONSDigital/blaise-uac-service/uacgenerator/generator.go:179.16,185.3 5 0
github.com/ONSDigital/blaise-uac-service/uacgenerator/generator.go:186.2,186.13 1 15
github.com/ONSDigital/blaise-uac-service/uacgenerator/generator.go:186.13,188.17 2 14
github.com/ONSDigital/blaise-uac-service/uacgenerator/generator.go:188.17,194.4 5 1
github.com/ONSDigital/blaise-uac-service/uacgenerator/generator.go:196.2,196.12 1 14
github.com/ONSDigital/blaise-uac-service/uacgenerator/generator.go:199.91,200.23 1 4
github.com/ONSDigital/blaise-uac-service/uacgenerator/generator.go:200.23,202.3 1 1
github.com/ONSDigital/blaise-uac-service/uacgenerator/generator.go:203.2,203.39 1 3
github.com/ONSDigital/blaise-uac-service/uacgenerator/generator.go:203.39,205.3 1 3
github.com/ONSDigital/blaise-uac-service/uacgenerator/generator.go:206.2,207.33 2 3
github.com/ONSDigital/blaise-uac-service/uacgenerator/generator.go:207.33,209.26 2 15
github.com/ONSDigital/blaise-uac-service/uacgenerator/generator.go:209.26,212.18 3 15
github.com/ONSDigital/blaise-uac-service/uacgenerator/generator.go:212.18,216.5 3 1
github.com/ONSDigital/blaise-uac-service/uacgenerator/generator.go:219.2,224.12 6 3
github.com/ONSDigital/blaise-uac-service/uacgenerator/generator.go:227.83,230.16 3 1
github.com/ONSDigital/blaise-uac-service/uacgenerator/generator.go:230.16,232.3 1 0
github.com/ONSDigital/blaise-uac-service/uacgenerator/generator.go:233.2,234.35 2 1
github.com/ONSDigital/blaise-uac-service/uacgenerator/generator.go:234.35,236.3 1 2
github.com/ONSDigital/blaise-uac-service/uacgenerator/generator.go:237.2,237.18 1 1
github.com/ONSDigital/blaise-uac-service/uacgenerator/generator.go:240.91,243.16 3 2
github.com/ONSDigital/blaise-uac-service/uacgenerator/generator.go:243.16,245.3 1 0
github.com/ONSDigital/blaise-uac-service/uacgenerator/generator.go:246.2,247.35 2 2
github.com/ONSDigital/blaise-uac-service/uacgenerator/generator.go:247.35,250.3 2 4
github.com/ONSDigital/blaise-uac-service/uacgenerator/generator.go:251.2,251.32 1 2
github.com/ONSDigital/blaise-uac-service/uacgenerator/generator.go:251.32,253.3 1 1
github.com/ONSDigital/blaise-uac-service/uacgenerator/generator.go:254.2,254.18 1 1
github.com/ONSDigital/blaise-uac-service/uacgenerator/generator.go:257.91,260.16 3 2
github.com/ONSDigital/blaise-uac-service/uacgenerator/generator.go:260.16,262.3 1 0
github.com/ONSDigital/blaise-uac-service/uacgenerator/generator.go:263.2,264.35 2 2
github.com/ONSDigital/blaise-uac-service/uacgenerator/generator.go:264.35,267.3 2 4
github.com/ONSDigital/blaise-uac-service/uacgenerator/generator.go:268.2,268.32 1 2
github.com/ONSDigital/blaise-uac-service/uacgenerator/generator.go:268.32,270.3 1 1
github.com/ONSDigital/blaise-uac-service/uacgenerator/generator.go:271.2,271.18 1 1
github.com/ONSDigital/blaise-uac-service/uacgenerator/generator.go:274.64,277.16 3 2
github.com/ONSDigital/blaise-uac-service/uacgenerator/generator.go:277.16,279.3 1 1
github.com/ONSDigital/blaise-uac-service/uacgenerator/generator.go:280.2,286.16 3 1
github.com/ONSDigital/blaise-uac-service/uacgenerator/generator.go:286.16,288.3 1 0
github.com/ONSDigital/blaise-uac-service/uacgenerator/generator.go:289.2,289.12 1 1
github.com/ONSDigital/blaise-uac-service/uacgenerator/generator.go:292.63,295.16 3 2
github.com/ONSDigital/blaise-uac-service/uacgenerator/generator.go:295.16,297.3 1 1
github.com/ONSDigital/blaise-uac-service/uacgenerator/generator.go:298.2,304.16 3 1
github.com/ONSDigital/blaise-uac-service/uacgenerator/generator.go:304.16,306.3 1 0
github.com/ONSDigital/blaise-uac-service/uacgenerator/generator.go:307.2,307.12 1 1
github.com/ONSDigital/blaise-uac-service/uacgenerator/generator.go:310.83,312.2 1 1
github.com/ONSDigital/blaise-uac-service/uacgenerator/generator.go:314.76,317.16 3 13
github.com/ONSDigital/blaise-uac-service/uacgenerator/generator.go:317.16,319.3 1 7
github.com/ONSDigital/blaise-uac-service/uacgenerator/generator.go:320.2,320.21 1 6
github.com/ONSDigital/blaise-uac-service/uacgenerator/generator.go:323.70,329.16 3 1
github.com/ONSDigital/blaise-uac-service/uacgenerator/generator.go:329.16,331.3 1 0
github.com/ONSDigital/blaise-uac-service/uacgenerator/generator.go:332.2,332.35 1 1
github.com/ONSDigital/blaise-uac-service/uacgenerator/generator.go:332.35,334.3 1 2
github.com/ONSDigital/blaise-uac-service/uacgenerator/generator.go:335.2,335.29 1 1
github.com/ONSDigital/blaise-uac-service/uacgenerator/generator.go:338.74,339.56 1 6
github.com/ONSDigital/blaise-uac-service/uacgenerator/generator.go:339.56,341.3 1 1
github.com/ONSDigital/blaise-uac-service/uacgenerator/generator.go:342.2,343.16 2 5
github.com/ONSDigital/blaise-uac-service/uacgenerator/generator.go:343.16,345.3 1 1
github.com/ONSDigital/blaise-uac-service/uacgenerator/generator.go:346.2,346.46 1 4
github.com/ONSDigital/blaise-uac-service/uacgenerator/generator.go:349.66,350.20 1 29
github.com/ONSDigital/blaise-uac-service/uacgenerator/generator.go:350.20,352.3 1 8
github.com/ONSDigital/blaise-uac-service/uacgenerator/generator.go:353.2,355.35 3 21
github.com/ONSDigital/blaise-uac-service/uacgenerator/generator.go:355.35,357.17 2 61
github.com/ONSDigital/blaise-uac-service/uacgenerator/generator.go:357.17,359.4 1 1
github.com/ONSDigital/blaise-uac-service/uacgenerator/generator.go:360.3,360.37 1 60
github.com/ONSDigital/blaise-uac-service/uacgenerator/generator.go:360.37,362.4 1 0
github.com/ONSDigital/blaise-uac-service/uacgenerator/generator.go:364.2,364.13 1 20
github.com/ONSDigital/blaise-uac-service/uacgenerator/generator.go:367.66,370.2 2 10
github.com/ONSDigital/blaise-uac-service/uacgenerator/generator.go:372.64,373.37 1 26
github.com/ONSDigital/blaise-uac-service/uacgenerator/generator.go:373.37,375.3 1 2
github.com/ONSDigital/blaise-uac-service/uacgenerator/generator.go:376.2,376.40 1 24
github.com/ONSDigital/blaise-uac-service/uacgenerator/generator.go:379.69,381.27 2 8
github.com/ONSDigital/blaise-uac-service/uacgenerator/generator.go:381.27,382.37 1 22
github.com/ONSDigital/blaise-uac-service/uacgenerator/generator.go:382.37,384.4 1 4
github.com/ONSDigital/blaise-uac-service/uacgenerator/generator.go:386.2,386.29 1 8
github.com/ONSDigital/blaise-uac-service/uacgenerator/generator.go:386.29,388.3 1 2
github.com/ONSDigital/blaise-uac-service/uacgenerator/generator.go:389.2,389.12 1 6
github.com/ONSDigital/blaise-uac-service/uacgenerator/generator.go:392.76,394.16 2 0
github.com/ONSDigital/blaise-uac-service/uacgenerator/generator.go:394.16,396.3 1 0
github.com/ONSDigital/blaise-uac-service/uacgenerator/generator.go:397.2,397.33 1 0
github.com/ONSDigital/blaise-uac-service/uacgenerator/generator.go:397.33,399.3 1 0
github.com/ONSDigital/blaise-uac-service/uacgenerator/generator.go:400.2,402.43 3 0
github.com/ONSDigital/blaise-uac-service/uacgenerator/generator.go:402.43,404.41 2 0
github.com/ONSDigital/blaise-uac-service/uacgenerator/generator.go:404.41,406.4 1 0
github.com/ONSDigital/blaise-uac-service/uacgenerator/generator.go:408.2,409.12 2 0
github.com/ONSDigital/blaise-uac-service/uacgenerator/generator.go:412.84,419.20 2 5
github.com/ONSDigital/blaise-uac-service/uacgenerator/generator.go:419.20,421.3 1 1
github.com/ONSDigital/blaise-uac-service/uacgenerator/generator.go:423.2,424.27 2 4
github.com/ONSDigital/blaise-uac-service/uacgenerator/generator.go:424.27,426.23 2 12
github.com/ONSDigital/blaise-uac-service/uacgenerator/generator.go:426.23,429.40 3 12
github.com/ONSDigital/blaise-uac-service/uacgenerator/generator.go:429.40,434.5 4 7
github.com/ONSDigital/blaise-uac-service/uacgenerator/generator.go:435.4,435.18 1 5
github.com/ONSDigital/blaise-uac-service/uacgenerator/generator.go:435.18,440.5 4 0
github.com/ONSDigital/blaise-uac-service/uacgenerator/generator.go:441.4,441.51 1 5
github.com/ONSDigital/blaise-uac-service/uacgenerator/generator.go:441.51,443.5 1 4
github.com/ONSDigital/blaise-uac-service/uacgenerator/generator.go:444.4,446.34 3 1
github.com/ONSDigital/blaise-uac-service/uacgenerator/generator.go:449.2,451.21 2 4
github.com/ONSDigital/blaise-uac-service/uacgenerator/generator.go:451.21,453.3 1 0
github.com/ONSDigital/blaise-uac-service/uacgenerator/generator.go:455.2,455.29 1 4
github.com/ONSDigital/blaise-uac-service/uacgenerator/generator.go:455.29,457.3 1 1
github.com/ONSDigital/blaise-uac-service/uacgenerator/generator.go:458.2,458.26 1 3
github.com/ONSDigital/blaise-uac-service/uacgenerator/generator.go:461.74,467.20 2 4
github.com/ONSDigital/blaise-uac-service/uacgenerator/generator.go:467.20,469.3 1 2
github.com/ONSDigital/blaise-uac-service/uacgenerator/generator.go:471.2,472.27 2 2
github.com/ONSDigital/blaise-uac-service/uacgenerator/generator.go:472.27,474.23 2 5
github.com/ONSDigital/blaise-uac-service/uacgenerator/generator.go:474.23,477.18 3 5
github.com/ONSDigital/blaise-uac-service/uacgenerator/generator.go:477.18,482.5 4 0
github.com/ONSDigital/blaise-uac-service/uacgenerator/generator.go:483.4,485.34 3 5
github.com/ONSDigital/blaise-uac-service/uacgenerator/generator.go:488.2,490.21 2 2
github.com/ONSDigital/blaise-uac-service/uacgenerator/generator.go:490.21,492.3 1 0
github.com/ONSDigital/blaise-uac-service/uacgenerator/generator.go:494.2,494.25 1 2
github.com/ONSDigital/blaise-uac-service/uacgenerator/generator.go:497.38,501.21 3 26
github.com/ONSDigital/blaise-uac-service/uacgenerator/generator.go:501.21,503.3 1 0
github.com/ONSDigital/blaise-uac-service/uacgenerator/generator.go:505.2,505.37 1 26
github.com/ONSDigital/blaise-uac-service/uacgenerator/generator.go:505.37,507.22 2 79
github.com/ONSDigital/blaise-uac-service/uacgenerator/generator.go:507.22,509.4 1 0
github.com/ONSDigital/blaise-uac-service/uacgenerator/generator.go:510.3,510.47 1 79
github.com/ONSDigital/blaise-uac-service/uacgenerator/generator.go:512.2,513.22 2 26
github.com/ONSDigital/blaise-uac-service/uacgenerator/generator.go:513.22,515.3 1 1
github.com/ONSDigital/blaise-uac-service/uacgenerator/generator.go:516.2,516.18 1 26
github.com/ONSDigital/blaise-uac-service/uacgenerator/generator.go:519.119,522.16 3 0
github.com/ONSDigital/blaise-uac-service/uacgenerator/generator.go:522.16,524.3 1 0
github.com/ONSDigital/blaise-uac-service/uacgenerator/generator.go:527.103,531.2 3 17
github.com/ONSDigital/blaise-uac-service/uacgenerator/generator.go:533.91,536.2 2 4
github.com/ONSDigital/blaise-uac-service/uacgenerator/generator.go:538.102,543.2 3 2
github.com/ONSDigital/blaise-uac-service/uacgenerator/generator.go:545.75,549.2 3 1
github.com/ONSDigital/blaise-uac-service/uacgenerator/generator.go:551.67,556.44 2 0
github.com/ONSDigital/blaise-uac-service/uacgenerator/generator.go:556.44,559.22 2 0
github.com/ONSDigital/blaise-uac-service/uacgenerator/generator.go:559.22,561.4 1 0
github.com/ONSDigital/blaise-uac-service/uacgenerator/generator.go:563.3,563.39 1 0
github.com/ONSDigital/blaise-uac-service/uacgenerator/generator.go:566.2,566.15 1 0
github.com/ONSDigital/blaise-uac-service/uacgenerator/generator.go:569.41,570.48 1 13
github.com/ONSDigital/blaise-uac-service/uacgenerator/generator.go:570.48,572.3 1 12
github.com/ONSDigital/blaise-uac-service/uacgenerator/generator.go:573.2,573.14 1 1
github.com/ONSDigital/blaise-uac-service/blaiserestapi/mocks/BlaiseRestApiInterface.go:16.76,20.54 3 0
github.com/ONSDigital/blaise-uac-service/blaiserestapi/mocks/BlaiseRestApiInterface.go:20.54,22.3 1 0
github.com/ONSDigital/blaise-uac-service/blaiserestapi/mocks/BlaiseRestApiInterface.go:22.8,23.24 1 0
github.com/ONSDigital/blaise-uac-service/blaiserestapi/mocks/BlaiseRestApiInterface.go:23.24,25.4 1 0
github.com/ONSDigital/blaise-uac-service/blaiserestapi/mocks/BlaiseRestApiInterface.go:28.2,29.51 2 0
github.com/ONSDigital/blaise-uac-service/blaiserestapi/mocks/BlaiseRestApiInterface.go:29.51,31.3 1 0
github.com/ONSDigital/blaise-uac-service/blaiserestapi/mocks/BlaiseRestApiInterface.go:31.8,33.3 1 0
github.com/ONSDigital/blaise-uac-service/blaiserestapi/mocks/BlaiseRestApiInterface.go:35.2,35.15 1 0
github.com/ONSDigital/blaise-uac-service/blaiserestapi/mocks/BlaiseRestApiInterface.go:39.105,43.75 3 0
github.com/ONSDigital/blaise-uac-service/blaiserestapi/mocks/BlaiseRestApiInterface.go:43.75,45.3 1 0
github.com/ONSDigital/blaise-uac-service/blaiserestapi/mocks/BlaiseRestApiInterface.go:45.8,46.24 1 0
github.com/ONSDigital/blaise-uac-service/blaiserestapi/mocks/BlaiseRestApiInterface.go:46.24,48.4 1 0
github.com/ONSDigital/blaise-uac-service/blaiserestapi/mocks/BlaiseRestApiInterface.go:51.2,52.51 2 0
github.com/ONSDigital/blaise-uac-service/blaiserestapi/mocks/BlaiseRestApiInterface.go:52.51,54.3 1 0
github.com/ONSDigital/blaise-uac-service/blaiserestapi/mocks/BlaiseRestApiInterface.go:54.8,56.3 1 0
github.com/ONSDigital/blaise-uac-service/blaiserestapi/mocks/BlaiseRestApiInterface.go:58.2,58.15 1 0
github.com/ONSDigital/blaise-uac-service/main.go:24.13,27.16 3 0
github.com/ONSDigital/blaise-uac-service/main.go:27.16,29.3 1 0
github.com/ONSDigital/blaise-uac-service/main.go:31.2,33.16 3 0
github.com/ONSDigital/blaise-uac-service/main.go:33.16,35.3 1 0
github.com/ONSDigital/blaise-uac-service/main.go:37.2,51.16 6 0
github.com/ONSDigital/blaise-uac-service/main.go:51.16,53.3 1 0
github.com/ONSDigital/blaise-uac-service/uacgenerator/mocks/Datastore.go:18.36,22.45 3 0
github.com/ONSDigital/blaise-uac-service/uacgenerator/mocks/Datastore.go:22.45,24.3 1 0
github.com/ONSDigital/blaise-uac-service/uacgenerator/mocks/Datastore.go:24.8,26.3 1 0
github.com/ONSDigital/blaise-uac-service/uacgenerator/mocks/Datastore.go:28.2,28.11 1 0
github.com/ONSDigital/blaise-uac-service/uacgenerator/mocks/Datastore.go:32.84,36.76 3 0
github.com/ONSDigital/blaise-uac-service/uacgenerator/mocks/Datastore.go:36.76,38.3 1 0
github.com/ONSDigital/blaise-uac-service/uacgenerator/mocks/Datastore.go:38.8,40.3 1 0
github.com/ONSDigital/blaise-uac-service/uacgenerator/mocks/Datastore.go:42.2,43.78 2 0
github.com/ONSDigital/blaise-uac-service/uacgenerator/mocks/Datastore.go:43.78,45.3 1 0
github.com/ONSDigital/blaise-uac-service/uacgenerator/mocks/Datastore.go:45.8,47.3 1 0
github.com/ONSDigital/blaise-uac-service/uacgenerator/mocks/Datastore.go:49.2,49.15 1 0
github.com/ONSDigital/blaise-uac-service/uacgenerator/mocks/Datastore.go:53.83,57.78 3 0
github.com/ONSDigital/blaise-uac-service/uacgenerator/mocks/Datastore.go:57.78,59.3 1 0
github.com/ONSDigital/blaise-uac-service/uacgenerator/mocks/Datastore.go:59.8,61.3 1 0
github.com/ONSDigital/blaise-uac-service/uacgenerator/mocks/Datastore.go:63.2,63.11 1 0
github.com/ONSDigital/blaise-uac-service/uacgenerator/mocks/Datastore.go:67.90,71.89 3 0
github.com/ONSDigital/blaise-uac-service/uacgenerator/mocks/Datastore.go:71.89,73.3 1 0
github.com/ONSDigital/blaise-uac-service/uacgenerator/mocks/Datastore.go:73.8,75.3 1 0
github.com/ONSDigital/blaise-uac-service/uacgenerator/mocks/Datastore.go:77.2,77.11 1 0
github.com/ONSDigital/blaise-uac-service/uacgenerator/mocks/Datastore.go:81.115,85.102 3 0
github.com/ONSDigital/blaise-uac-service/uacgenerator/mocks/Datastore.go:85.102,87.3 1 0
github.com/ONSDigital/blaise-uac-service/uacgenerator/mocks/Datastore.go:87.8,88.24 1 0
github.com/ONSDigital/blaise-uac-service/uacgenerator/mocks/Datastore.go:88.24,90.4 1 0
github.com/ONSDigital/blaise-uac-service/uacgenerator/mocks/Datastore.go:93.2,94.91 2 0
github.com/ONSDigital/blaise-uac-service/uacgenerator/mocks/Datastore.go:94.91,96.3 1 0
github.com/ONSDigital/blaise-uac-service/uacgenerator/mocks/Datastore.go:96.8,98.3 1 0
github.com/ONSDigital/blaise-uac-service/uacgenerator/mocks/Datastore.go:100.2,100.15 1 0
github.com/ONSDigital/blaise-uac-service/uacgenerator/mocks/Datastore.go:104.104,106.22 2 0
github.com/ONSDigital/blaise-uac-service/uacgenerator/mocks/Datastore.go:106.22,108.3 1 0
github.com/ONSDigital/blaise-uac-service/uacgenerator/mocks/Datastore.go:109.2,115.95 6 0
github.com/ONSDigital/blaise-uac-service/uacgenerator/mocks/Datastore.go:115.95,117.3 1 0
github.com/ONSDigital/blaise-uac-service/uacgenerator/mocks/Datastore.go:117.8,118.24 1 0
github.com/ONSDigital/blaise-uac-service/uacgenerator/mocks/Datastore.go:118.24,120.4 1 0
github.com/ONSDigital/blaise-uac-service/uacgenerator/mocks/Datastore.go:123.2,124.84 2 0
github.com/ONSDigital/blaise-uac-service/uacgenerator/mocks/Datastore.go:124.84,126.3 1 0
github.com/ONSDigital/blaise-uac-service/uacgenerator/mocks/Datastore.go:126.8,128.3 1 0
github.com/ONSDigital/blaise-uac-service/uacgenerator/mocks/Datastore.go:130.2,130.15 1 0
github.com/ONSDigital/blaise-uac-service/uacgenerator/mocks/UacGeneratorInterface.go:15.92,20.63 3 0
github.com/ONSDigital/blaise-uac-service/uacgenerator/mocks/UacGeneratorInterface.go:20.63,22.3 1 0
github.com/ONSDigital/blaise-uac-service/uacgenerator/mocks/UacGeneratorInterface.go:22.8,23.24 1 0
github.com/ONSDigital/blaise-uac-service/uacgenerator/mocks/UacGeneratorInterface.go:23.24,25.4 1 0
github.com/ONSDigital/blaise-uac-service/uacgenerator/mocks/UacGeneratorInterface.go:28.2,29.51 2 0
github.com/ONSDigital/blaise-uac-service/uacgenerator/mocks/UacGeneratorInterface.go:29.51,31.3 1 0
github.com/ONSDigital/blaise-uac-service/uacgenerator/mocks/UacGeneratorInterface.go:31.8,33.3 1 0
github.com/ONSDigital/blaise-uac-service/uacgenerator/mocks/UacGeneratorInterface.go:35.2,35.15 1 0
github.com/ONSDigital/blaise-uac-service/uacgenerator/mocks/UacGeneratorInterface.go:38.63,42.51 3 0
github.com/ONSDigital/blaise-uac-service/uacgenerator/mocks/UacGeneratorInterface.go:42.51,44.3 1 0
github.com/ONSDigital/blaise-uac-service/uacgenerator/mocks/UacGeneratorInterface.go:44.8,46.3 1 0
github.com/ONSDigital/blaise-uac-service/uacgenerator/mocks/UacGeneratorInterface.go:48.2,48.11 1 0
github.com/ONSDigital/blaise-uac-service/uacgenerator/mocks/UacGeneratorInterface.go:51.62,55.51 3 0
github.com/ONSDigital/blaise-uac-service/uacgenerator/mocks/UacGeneratorInterface.go:55.51,57.3 1 0
github.com/ONSDigital/blaise-uac-service/uacgenerator/mocks/UacGeneratorInterface.go:57.8,59.3 1 0
github.com/ONSDigital/blaise-uac-service/uacgenerator/mocks/UacGeneratorInterface.go:61.2,61.11 1 0
github.com/ONSDigital/blaise-uac-service/uacgenerator/mocks/UacGeneratorInterface.go:65.64,69.51 3 0
github.com/ONSDigital/blaise-uac-service/uacgenerator/mocks/UacGeneratorInterface.go:69.51,71.3 1 0
github.com/ONSDigital/blaise-uac-service/uacgenerator/mocks/UacGeneratorInterface.go:71.8,73.3 1 0
github.com/ONSDigital/blaise-uac-service/uacgenerator/mocks/UacGeneratorInterface.go:75.2,75.11 1 0
github.com/ONSDigital/blaise-uac-service/uacgenerator/mocks/UacGeneratorInterface.go:79.75,83.61 3 0
github.com/ONSDigital/blaise-uac-service/uacgenerator/mocks/UacGeneratorInterface.go:83.61,85.3 1 0
github.com/ONSDigital/blaise-uac-service/uacgenerator/mocks/UacGeneratorInterface.go:85.8,87.3 1 0
github.com/ONSDigital/blaise-uac-service/uacgenerator/mocks/UacGeneratorInterface.go:89.2,89.11 1 0
github.com/ONSDigital/blaise-uac-service/uacgenerator/mocks/UacGeneratorInterface.go:93.84,97.63 3 0
github.com/ONSDigital/blaise-uac-service/uacgenerator/mocks/UacGeneratorInterface.go:97.63,99.3 1 0
github.com/ONSDigital/blaise-uac-service/uacgenerator/mocks/UacGeneratorInterface.go:99.8,100.24 1 0
github.com/ONSDigital/blaise-uac-service/uacgenerator/mocks/UacGeneratorInterface.go:100.24,102.4 1 0
github.com/ONSDigital/blaise-uac-service/uacgenerator/mocks/UacGeneratorInterface.go:105.2,106.51 2 0
github.com/ONSDigital/blaise-uac-service/uacgenerator/mocks/UacGeneratorInterface.go:106.51,108.3 1 0
github.com/ONSDigital/blaise-uac-service/uacgenerator/mocks/UacGeneratorInterface.go:108.8,110.3 1 0
github.com/ONSDigital/blaise-uac-service/uacgenerator/mocks/UacGeneratorInterface.go:112.2,112.15 1 0
github.com/ONSDigital/blaise-uac-service/uacgenerator/mocks/UacGeneratorInterface.go:116.92,120.63 3 0
github.com/ONSDigital/blaise-uac-service/uacgenerator/mocks/UacGeneratorInterface.go:120.63,122.3 1 0
github.com/ONSDigital/blaise-uac-service/uacgenerator/mocks/UacGeneratorInterface.go:122.8,123.24 1 0
github.com/ONSDigital/blaise-uac-service/uacgenerator/mocks/UacGeneratorInterface.go:123.24,125.4 1 0
github.com/ONSDigital/blaise-uac-service/uacgenerator/mocks/UacGeneratorInterface.go:128.2,129.51 2 0
github.com/ONSDigital/blaise-uac-service/uacgenerator/mocks/UacGeneratorInterface.go:129.51,131.3 1 0
github.com/ONSDigital/blaise-uac-service/uacgenerator/mocks/UacGeneratorInterface.go:131.8,133.3 1 0
github.com/ONSDigital/blaise-uac-service/uacgenerator/mocks/UacGeneratorInterface.go:135.2,135.15 1 0
github.com/ONSDigital/blaise-uac-service/uacgenerator/mocks/UacGeneratorInterface.go:139.69,143.48 3 0
github.com/ONSDigital/blaise-uac-service/uacgenerator/mocks/UacGeneratorInterface.go:143.48,145.3 1 0
github.com/ONSDigital/blaise-uac-service/uacgenerator/mocks/UacGeneratorInterface.go:145.8,146.24 1 0
github.com/ONSDigital/blaise-uac-service/uacgenerator/mocks/UacGeneratorInterface.go:146.24,148.4 1 0
github.com/ONSDigital/blaise-uac-service/uacgenerator/mocks/UacGeneratorInterface.go:151.2,152.45 2 0
github.com/ONSDigital/blaise-uac-service/uacgenerator/mocks/UacGeneratorInterface.go:152.45,154.3 1 0
github.com/ONSDigital/blaise-uac-service/uacgenerator/mocks/UacGeneratorInterface.go:154.8,156.3 1 0
github.com/ONSDigital/blaise-uac-service/uacgenerator/mocks/UacGeneratorInterface.go:158.2,158.15 1 0
github.com/ONSDigital/blaise-uac-service/uacgenerator/mocks/UacGeneratorInterface.go:162.71,166.49 3 0
github.com/ONSDigital/blaise-uac-service/uacgenerator/mocks/UacGeneratorInterface.go:166.49,168.3 1 0
github.com/ONSDigital/blaise-uac-service/uacgenerator/mocks/UacGeneratorInterface.go:168.8,170.3 1 0
github.com/ONSDigital/blaise-uac-service/uacgenerator/mocks/UacGeneratorInterface.go:172.2,173.51 2 0
github.com/ONSDigital/blaise-uac-service/uacgenerator/mocks/UacGeneratorInterface.go:173.51,175.3 1 0
github.com/ONSDigital/blaise-uac-service/uacgenerator/mocks/UacGeneratorInterface.go:175.8,177.3 1 0
github.com/ONSDigital/blaise-uac-service/uacgenerator/mocks/UacGeneratorInterface.go:179.2,179.15 1 0
github.com/ONSDigital/blaise-uac-service/uacgenerator/mocks/UacGeneratorInterface.go:183.88,187.67 3 0
github.com/ONSDigital/blaise-uac-service/uacgenerator/mocks/UacGeneratorInterface.go:187.67,189.3 1 0
github.com/ONSDigital/blaise-uac-service/uacgenerator/mocks/UacGeneratorInterface.go:189.8,190.24 1 0
github.com/ONSDigital/blaise-uac-service/uacgenerator/mocks/UacGeneratorInterface.go:190.24,192.4 1 0
github.com/ONSDigital/blaise-uac-service/uacgenerator/mocks/UacGeneratorInterface.go:195.2,196.51 2 0
github.com/ONSDigital/blaise-uac-service/uacgenerator/mocks/UacGeneratorInterface.go:196.51,198.3 1 0
github.com/ONSDigital/blaise-uac-service/uacgenerator/mocks/UacGeneratorInterface.go:198.8,200.3 1 0
github.com/ONSDigital/blaise-uac-service/uacgenerator/mocks/UacGeneratorInterface.go:202.2,202.15 1 0
github.com/ONSDigital/blaise-uac-service/uacgenerator/mocks/UacGeneratorInterface.go:206.72,210.51 3 0
github.com/ONSDigital/blaise-uac-service/uacgenerator/mocks/UacGeneratorInterface.go:210.51,212.3 1 0
github.com/ONSDigital/blaise-uac-service/uacgenerator/mocks/UacGeneratorInterface.go:212.8,214.3 1 0
github.com/ONSDigital/blaise-uac-service/uacgenerator/mocks/UacGeneratorInterface.go:216.2,217.53 2 0
github.com/ONSDigital/blaise-uac-service/uacgenerator/mocks/UacGeneratorInterface.go:217.53,219.3 1 0
github.com/ONSDigital/blaise-uac-service/uacgenerator/mocks/UacGeneratorInterface.go:219.8,221.3 1 0
github.com/ONSDigital/blaise-uac-service/uacgenerator/mocks/UacGeneratorInterface.go:223.2,223.15 1 0
github.com/ONSDigital/blaise-uac-service/webserver/health_controller.go:17.77,20.2 2 1
github.com/ONSDigital/blaise-uac-service/webserver/health_controller.go:22.80,25.2 2 2
github.com/ONSDigital/blaise-uac-service/webserver/uac_controller.go:34.71,36.2 2 29
github.com/ONSDigital/blaise-uac-service/webserver/uac_controller.go:36.2,50.3 12 29
github.com/ONSDigital/blaise-uac-service/webserver/uac_controller.go:53.89,56.16 3 4
github.com/ONSDigital/blaise-uac-service/webserver/uac_controller.go:56.16,59.3 2 1
github.com/ONSDigital/blaise-uac-service/webserver/uac_controller.go:60.2,60.32 1 3
github.com/ONSDigital/blaise-uac-service/webserver/uac_controller.go:60.32,63.3 2 1
github.com/ONSDigital/blaise-uac-service/webserver/uac_controller.go:64.2,65.16 2 2
github.com/ONSDigital/blaise-uac-service/webserver/uac_controller.go:65.16,68.3 2 1
github.com/ONSDigital/blaise-uac-service/webserver/uac_controller.go:69.2,70.16 2 1
github.com/ONSDigital/blaise-uac-service/webserver/uac_controller.go:70.16,73.3 2 0
github.com/ONSDigital/blaise-uac-service/webserver/uac_controller.go:74.2,75.16 2 1
github.com/ONSDigital/blaise-uac-service/webserver/uac_controller.go:75.16,78.3 2 0
github.com/ONSDigital/blaise-uac-service/webserver/uac_controller.go:79.2,80.35 2 1
github.com/ONSDigital/blaise-uac-service/webserver/uac_controller.go:83.79,85.16 2 3
github.com/ONSDigital/blaise-uac-service/webserver/uac_controller.go:85.16,88.3 2 0
github.com/ONSDigital/blaise-uac-service/webserver/uac_controller.go:89.2,92.16 4 3
github.com/ONSDigital/blaise-uac-service/webserver/uac_controller.go:92.16,95.3 2 0
github.com/ONSDigital/blaise-uac-service/webserver/uac_controller.go:96.2,96.45 1 3
github.com/ONSDigital/blaise-uac-service/webserver/uac_controller.go:96.45,99.3 2 1
github.com/ONSDigital/blaise-uac-service/webserver/uac_controller.go:100.2,101.16 2 2
github.com/ONSDigital/blaise-uac-service/webserver/uac_controller.go:101.16,104.3 2 0
github.com/ONSDigital/blaise-uac-service/webserver/uac_controller.go:105.2,106.16 2 2
github.com/ONSDigital/blaise-uac-service/webserver/uac_controller.go:106.16,109.3 2 0
github.com/ONSDigital/blaise-uac-service/webserver/uac_controller.go:110.2,111.35 2 2
github.com/ONSDigital/blaise-uac-service/webserver/uac_controller.go:114.77,118.16 3 2
github.com/ONSDigital/blaise-uac-service/webserver/uac_controller.go:118.16,121.3 2 0
github.com/ONSDigital/blaise-uac-service/webserver/uac_controller.go:122.2,123.35 2 2
github.com/ONSDigital/blaise-uac-service/webserver/uac_controller.go:126.85,130.16 3 1
github.com/ONSDigital/blaise-uac-service/webserver/uac_controller.go:130.16,133.3 2 0
github.com/ONSDigital/blaise-uac-service/webserver/uac_controller.go:134.2,135.35 2 1
github.com/ONSDigital/blaise-uac-service/webserver/uac_controller.go:138.83,140.16 2 1
github.com/ONSDigital/blaise-uac-service/webserver/uac_controller.go:140.16,143.3 2 0
github.com/ONSDigital/blaise-uac-service/webserver/uac_controller.go:144.2,144.46 1 1
github.com/ONSDigital/blaise-uac-service/webserver/uac_controller.go:147.76,151.16 3 1
github.com/ONSDigital/blaise-uac-service/webserver/uac_controller.go:151.16,154.3 2 0
github.com/ONSDigital/blaise-uac-service/webserver/uac_controller.go:155.2,155.55 1 1
github.com/ONSDigital/blaise-uac-service/webserver/uac_controller.go:158.78,160.16 2 4
github.com/ONSDigital/blaise-uac-service/webserver/uac_controller.go:160.16,164.3 3 2
github.com/ONSDigital/blaise-uac-service/webserver/uac_controller.go:166.2,167.16 2 2
github.com/ONSDigital/blaise-uac-service/webserver/uac_controller.go:167.16,168.39 1 1
github.com/ONSDigital/blaise-uac-service/webserver/uac_controller.go:168.39,171.4 2 1
github.com/ONSDigital/blaise-uac-service/webserver/uac_controller.go:172.3,174.9 3 0
github.com/ONSDigital/blaise-uac-service/webserver/uac_controller.go:176.2,176.38 1 1
github.com/ONSDigital/blaise-uac-service/webserver/uac_controller.go:179.79,182.16 3 2
github.com/ONSDigital/blaise-uac-service/webserver/uac_controller.go:182.16,186.3 3 1
github.com/ONSDigital/blaise-uac-service/webserver/uac_controller.go:187.2,187.41 1 1
github.com/ONSDigital/blaise-uac-service/webserver/uac_controller.go:190.74,192.16 2 4
github.com/ONSDigital/blaise-uac-service/webserver/uac_controller.go:192.16,195.3 2 0
github.com/ONSDigital/blaise-uac-service/webserver/uac_controller.go:196.2,199.16 4 4
github.com/ONSDigital/blaise-uac-service/webserver/uac_controller.go:199.16,202.3 2 1
github.com/ONSDigital/blaise-uac-service/webserver/uac_controller.go:203.2,204.16 2 3
github.com/ONSDigital/blaise-uac-service/webserver/uac_controller.go:204.16,205.51 1 2
github.com/ONSDigital/blaise-uac-service/webserver/uac_controller.go:205.51,208.4 2 1
github.com/ONSDigital/blaise-uac-service/webserver/uac_controller.go:209.3,210.9 2 1
github.com/ONSDigital/blaise-uac-service/webserver/uac_controller.go:212.2,212.66 1 1
github.com/ONSDigital/blaise-uac-service/webserver/uac_controller.go:215.89,216.43 1 5
github.com/ONSDigital/blaise-uac-service/webserver/uac_controller.go:216.43,219.3 2 3
github.com/ONSDigital/blaise-uac-service/webserver/uac_controller.go:220.2,220.34 1 2
github.com/ONSDigital/blaise-uac-service/webserver/uac_controller.go:220.34,223.3 2 2
github.com/ONSDigital/blaise-uac-service/webserver/uac_controller.go:224.2,224.65 1 0
github.com/ONSDigital/blaise-uac-service/webserver/uac_controller.go:227.93,229.16 2 4
github.com/ONSDigital/blaise-uac-service/webserver/uac_controller.go:229.16,231.3 1 0
github.com/ONSDigital/blaise-uac-service/webserver/uac_controller.go:232.2,236.16 4 4
github.com/ONSDigital/blaise-uac-service/webserver/uac_controller.go:236.16,238.3 1 2
github.com/ONSDigital/blaise-uac-service/webserver/uac_controller.go:239.2,239.17 1 2
github.com/ONSDigital/blaise-uac-service/webserver/uac_controller.go:242.78,246.16 3 2
github.com/ONSDigital/blaise-uac-service/webserver/uac_controller.go:246.16,249.3 2 1
github.com/ONSDigital/blaise-uac-service/webserver/uac_controller.go:250.2,250.34 1 1
github.com/ONSDigital/blaise-uac-service/webserver/uac_controller.go:253.77,257.16 3 2
github.com/ONSDigital/blaise-uac-service/webserver/uac_controller.go:257.16,260.3 2 1
github.com/ONSDigital/blaise-uac-service/webserver/uac_controller.go:261.2,261.34 1 1
github.com/ONSDigital/blaise-uac-service/webserver/uac_controller.go:264.85,268.16 3 2
github.com/ONSDigital/blaise-uac-service/webserver/uac_controller.go:268.16,271.3 2 1
github.com/ONSDigital/blaise-uac-service/webserver/uac_controller.go:272.2,273.35 2 1
github.com/ONSDigital/blaise-uac-service/webserver/webserver.go:14.49,24.2 6 1
